
Title, string="first";

REAL beam_current = 0.13;
REAL cc1.elemedge = 2.1229889999999996;
REAL cc1.l = 1.3492;
REAL cc1_phase = -2.0;
REAL cc2.elemedge = 4.831923;
REAL cc2_phase = -10.0;
REAL dcc1_1.elemedge = 3.4721889999999993;
REAL dcc1_1.l = 0.58952;
REAL dcc1_2.elemedge = 4.061709;
REAL dcc1_2.l = 0.045959;
REAL dcc1_3.elemedge = 4.107667999999999;
REAL dcc1_3.l = 0.724255;
REAL dcc2_1.elemedge = 6.1811229999999995;
REAL dcc2_1.l = 0.801182;
REAL dcc2_10.elemedge = 8.624420999999998;
REAL dcc2_10.l = 0.078569;
REAL dcc2_2.elemedge = 6.982304999999999;
REAL dcc2_2.l = 0.090742;
REAL dcc2_3.elemedge = 7.073046999999999;
REAL dcc2_3.l = 0.213827;
REAL dcc2_4.elemedge = 7.286873999999999;
REAL dcc2_4.l = 0.120424;
REAL dcc2_5.elemedge = 7.407297999999999;
REAL dcc2_5.l = 0.343;
REAL dcc2_6.elemedge = 7.750297999999999;
REAL dcc2_6.l = 0.343;
REAL dcc2_7.elemedge = 8.093297999999999;
REAL dcc2_7.l = 0.32599;
REAL dcc2_8.elemedge = 8.419287999999998;
REAL dcc2_8.l = 0.078595;
REAL dcc2_9.elemedge = 8.497882999999998;
REAL dcc2_9.l = 0.126538;
REAL dg1.elemedge = 0.265;
REAL dg1.l = 0.363253;
REAL dg2.elemedge = 0.628253;
REAL dg2.l = 0.256055;
REAL dg3.elemedge = 0.8843079999999999;
REAL dg3.l = 0.039253;
REAL dg4.elemedge = 0.9235609999999999;
REAL dg4.l = 0.262251;
REAL dg5.elemedge = 1.1858119999999999;
REAL dg5.l = 0.246295;
REAL dg6.elemedge = 1.4321069999999998;
REAL dg6.l = 0.193948;
REAL dg7.elemedge = 1.6260549999999998;
REAL dg7.l = 0.076743;
REAL dg8.elemedge = 1.7027979999999998;
REAL dg8.l = 0.420191;
REAL dq106.elemedge = 8.869989999999998;
REAL dq106.l = 0.034249;
REAL dx107.elemedge = 9.071238999999998;
REAL dx107.l = 0.255184;
REAL fwhm = 6.666666666666666e-12;
REAL gun.elemedge = 0.0;
REAL gun.l = 0.265;
REAL gun_phase = -20.0;
REAL i_q106 = 0.0;
REAL i_q107 = 0.0;
REAL n_particles = 41428.0;
REAL p0 = 1e-06;
REAL q_106.elemedge = 8.702989999999998;
REAL q_106.l = 0.167;
REAL q_107.elemedge = 8.904238999999999;
REAL q_107.l = 0.167;
REAL rf_frequency = 1300.0;
REAL solenoid_strength_parameter = 0.17765710979201543;
REAL x_106.elemedge = 8.702989999999998;


"OPT1": option,autophase=4.0,psdumpfreq=500.0,statdumpfreq=500.0,version=10900.0;

"X_106": MONITOR,outfn="output_x_106.h5";
"X_107": MONITOR,outfn="output_x_107.h5";
"Q_106": QUADRUPOLE,l=0.167;
"Q_107": QUADRUPOLE,l=0.167;
"CC1": RFCAVITY,fmapfn="TESLA_SF7.T7",freq=1300.0,l=1.3492,lag=-0.03490658503988659,volt=28.57233448;
"CC2": RFCAVITY,fmapfn="TESLA_SF7.T7",freq=1300.0,l=1.3492,lag=-0.17453292519943295,volt=30.6427935;
"GUN": RFCAVITY,apveto=true,fmapfn="GUN_SF7.T7",freq=1300.0,l=0.265,lag=-0.3490658503988659,volt=42.93509225;
"MS": SOLENOID,fmapfn="SOLENO4.T7",ks=0.17765710979201543;

"MS#0": "MS",elemedge=-0.0017;
"GUN#0": "GUN",elemedge=0.0;
"CC1#0": "CC1",elemedge=2.1229889999999996;
"CC2#0": "CC2",elemedge=4.831923;
"X_106#0": "X_106",elemedge=8.702989999999998;
"Q_106#0": "Q_106",elemedge=8.702989999999998;
"Q_107#0": "Q_107",elemedge=8.904238999999999;
"X_107#0": "X_107",elemedge=9.326422999999998;
LINAC: LINE=("MS#0","GUN#0","CC1#0","CC2#0","X_106#0","Q_106#0","Q_107#0","X_107#0");


"GEN_DIST": distribution,ekin=0.55,emissionsteps=100.0,emitted=true,nbin=9.0,sigmar=0.002,tpulsefwhm=1.3333333333333333e-11,type="FLATTOP",writetofile=true;
"VC_DIST": distribution,ekin=0.4,emissionsteps=100.0,emitted=true,fname="fast_laser.dist",nbin=9.0,type="FROMFILE";
"FS_SC": fieldsolver,bboxincr=1.0,fstype="FFT",mt=25.0,mx=26.0,my=26.0;
"BEAM1": beam,bcurrent=0.13,bfreq=1300.0,charge=-1.0,npart=41428.0,particle="ELECTRON",pc=1e-06;
"TR1": track,beam=BEAM1,dt={2.0e-13},line=LINAC,maxsteps=2500000.0,zstop={9.25};
 run, beam=BEAM1,distribution=vc_dist,fieldsolver=FS_SC,method="PARALLEL-T";
endtrack;
