
Title, string="conversion";

REAL beta = 0.9999933387552905;
REAL beta_twi = 2.83302878621;
REAL edge_drift_dip2dump = 3.1723079647326844;
REAL edge_drift_quad2dip = 1.1780000000000002;
REAL edge_drift_quad2quad = 1.074;
REAL edge_drift_und2quads = 0.0;
REAL edge_q_def = 1.0;
REAL edge_q_foc = 1.104;
REAL edge_spectr_dipole = 2.678;
REAL emit = 2.8829048411612934e-09;
REAL emit_n = 7.8983331046e-07;
REAL gamma = 273.97316778927893;
REAL n_particles = 50000.0;
REAL p0 = 0.13999906027508863;


OPT1: option,psdumpfreq=5000.0,statdumpfreq=1.0,version=20000.0;

DRIFT_DIP2DUMP: DRIFT,l=0.3;
DRIFT_QUAD2DIP: DRIFT,l=1.5;
DRIFT_QUAD2QUAD: DRIFT,l=0.03;
DRIFT_UND2QUADS: DRIFT,l=1.0;
Q_DEF: QUADRUPOLE,k1=21.808275280025114,l=0.074;
Q_FOC: QUADRUPOLE,k1=-21.808275280025114,l=0.074;
SPECTR_DIPOLE: SBEND,angle=0.5235987755982988,designenergy=139.489,fmapfn="hard_edge_profile.txt",l=0.49430796473268457;

"drift_und2quads#0": drift_und2quads,elemedge=0;
"q_def#0": q_def,elemedge=1.0;
"drift_quad2quad#0": drift_quad2quad,elemedge=1.074;
"q_foc#0": q_foc,elemedge=1.104;
"drift_quad2dip#0": drift_quad2dip,elemedge=1.1780000000000002;
"spectr_dipole#0": spectr_dipole,elemedge=2.678;
"drift_dip2dump#0": drift_dip2dump,elemedge=3.1666159294626843;
beamline_1: LINE=("drift_und2quads#0","q_def#0","drift_quad2quad#0","q_foc#0","drift_quad2dip#0","spectr_dipole#0","drift_dip2dump#0");


START_GAUSSIAN: distribution,cutofflong=0.1,inputmounits="NONE",sigmapx=0.008739665247723578,sigmapy=0.008739665247723578,sigmapz=1.8016355501670784,sigmax=9.037340539624537e-05,sigmay=9.037340539624537e-05,sigmaz=0.00065,type="GAUSS",writetofile=true;
FS_SC: fieldsolver,bboxincr=1.0,fstype="NONE",mt=32.0,mx=32.0,my=32.0;
BEAM1: beam,bfreq=1000000.0,charge=-1.0,npart=50000.0,particle="ELECTRON",pc=0.13999906027508863;
TR1: track,beam=BEAM1,dt=1.8076756186965821e-12,line=beamline_1,maxsteps=10000000.0,zstop=3.5;
 run, beam=BEAM1,distribution=start_gaussian,fieldsolver=FS_SC,method="PARALLEL-T";
endtrack;
