{
    "E_modification": "0",
    "ForceHydroLimit": "0",
    "LimitedSlopeBeta": 1.0,
    "RiemannSolver": "HLLC",
    "basenm": "bella_",
    "cfl": 0.3,
    "charLimiting": "1",
    "checkpointFileIntervalStep": 1000000,
    "checkpointFileIntervalTime": 2e-08,
    "conserveAngField": "0",
    "conserveAngMom": "0",
    "cvisc": 0.1,
    "diff_eleFlCoef": 0.06,
    "diff_eleFlMode": "fl_larsen",
    "diff_eleXlBoundaryType": "neumann",
    "diff_eleXrBoundaryType": "dirichlet",
    "diff_eleYlBoundaryType": "neumann",
    "diff_eleYrBoundaryType": "neumann",
    "diff_eleZlBoundaryType": "neumann",
    "diff_eleZrBoundaryType": "neumann",
    "diff_thetaImplct": 1.0,
    "diff_useEleCond": "1",
    "dt_diff_factor": 0.45,
    "dtinit": 1e-15,
    "dtmax": 1e-09,
    "dtmin": 1e-16,
    "ed_crossSectionFunctionType_1": "gaussian2D",
    "ed_gaussianExponent_1": 1.0,
    "ed_gaussianRadiusMajor_1": 0.008495,
    "ed_gaussianRadiusMinor_1": 0.008495,
    "ed_gradOrder": "2",
    "ed_gridType_1": "radial2D",
    "ed_gridnRadialTics_1": 1024,
    "ed_laser3Din2D": "1",
    "ed_laser3Din2DwedgeAngle": 0.1,
    "ed_laserIOMaxNumberOfPositions": 10000,
    "ed_laserIOMaxNumberOfRays": 128,
    "ed_lensSemiAxisMajor_1": 0.02,
    "ed_lensX_1": 0.0,
    "ed_lensY_1": 0.0,
    "ed_lensZ_1": -1.475564,
    "ed_maxRayCount": 10000,
    "ed_numberOfBeams": 1,
    "ed_numberOfPulses": 1,
    "ed_numberOfRays_1": 1024,
    "ed_numberOfSections_1": 4,
    "ed_power_1_1": 0.0,
    "ed_power_1_2": 37500000.0,
    "ed_power_1_3": 37500000.0,
    "ed_power_1_4": 0.0,
    "ed_pulseNumber_1": 1,
    "ed_semiAxisMajorTorsionAngle_1": 0.0,
    "ed_semiAxisMajorTorsionAxis_1": "x",
    "ed_targetSemiAxisMajor_1": 0.02,
    "ed_targetSemiAxisMinor_1": 0.02,
    "ed_targetX_1": 0.0,
    "ed_targetY_1": 0.0,
    "ed_targetZ_1": 0.0,
    "ed_time_1_1": 7.4e-07,
    "ed_time_1_2": 7.401e-07,
    "ed_time_1_3": 7.48e-07,
    "ed_time_1_4": 7.481e-07,
    "ed_useLaserIO": "1",
    "ed_wavelength_1": 0.532,
    "energyFix": "1",
    "entropy": "0",
    "eosModeInit": "dens_temp_gather",
    "eos_fillEosType": "eos_tab",
    "eos_fillSubType": "ionmix4",
    "eos_fillTableFile": "hydrogen-fill-imx.cn4",
    "eos_useLogTables": "0",
    "eos_wallEosType": "eos_tab",
    "eos_wallSubType": "ionmix4",
    "eos_wallTableFile": "alumina-wall-imx.cn4",
    "flux_correct": "0",
    "geometry": "cylindrical",
    "gr_pmrpCurvilinear": "1",
    "gr_pmrpCurvilinearConserve": "1",
    "gr_pmrpCylindricalPm": "1",
    "gr_pmrpDivergenceFree": "1",
    "gr_pmrpForceConsistency": "0",
    "hx_dtFactor": 1e+100,
    "hy_fPresInMomFlux": 0.0,
    "hy_fullSpecMsFluxHandling": "0",
    "io_writeMscalarIntegrals": "1",
    "killdivb": "1",
    "log_file": "bella.log",
    "lrefine_max": 2,
    "lrefine_min": 1,
    "ms_fillA": 1.00794,
    "ms_fillZ": 1.0,
    "ms_fillZMin": 0.001,
    "ms_wallA": 20.3922,
    "ms_wallZ": 10.0,
    "ms_wallZMin": 0.001,
    "nblockx": 2,
    "nblocky": 1,
    "nend": 10000000,
    "op_fillAbsorb": "op_tabpa",
    "op_fillEmiss": "op_tabpe",
    "op_fillFileName": "hydrogen-fill-imx.cn4",
    "op_fillFileType": "ionmix4",
    "op_fillTrans": "op_tabro",
    "op_wallAbsorb": "op_tabpa",
    "op_wallEmiss": "op_tabpe",
    "op_wallFileName": "alumina-wall-imx.cn4",
    "op_wallFileType": "ionmix4",
    "op_wallTrans": "op_tabro",
    "order": "3",
    "plotFileIntervalStep": 1000000,
    "plotFileIntervalTime": 1e-09,
    "plotFileNumber": 1,
    "plot_var_1": "dens",
    "plot_var_10": "magz",
    "plot_var_11": "velx",
    "plot_var_12": "kapa",
    "plot_var_2": "pres",
    "plot_var_3": "tele",
    "plot_var_4": "tion",
    "plot_var_5": "trad",
    "plot_var_6": "YE",
    "plot_var_7": "SUMY",
    "plot_var_8": "depo",
    "prolMethod": "balsara_prol",
    "refine_var_1": "dens",
    "refine_var_2": "tele",
    "refine_var_3": "depo",
    "restart": "0",
    "rt_dtFactor": 1e+100,
    "rt_mgdBounds_1": 0.1,
    "rt_mgdBounds_2": 1.0,
    "rt_mgdBounds_3": 10.0,
    "rt_mgdBounds_4": 100.0,
    "rt_mgdBounds_5": 1000.0,
    "rt_mgdBounds_6": 10000.0,
    "rt_mgdBounds_7": 100000.0,
    "rt_mgdFlCoef": 1.0,
    "rt_mgdFlMode": "fl_harmonic",
    "rt_mgdNumGroups": 6,
    "rt_mgdXlBoundaryType": "reflecting",
    "rt_mgdXrBoundaryType": "reflecting",
    "rt_mgdYlBoundaryType": "vacuum",
    "rt_mgdYrBoundaryType": "vacuum",
    "rt_mgdZlBoundaryType": "reflecting",
    "rt_mgdZrBoundaryType": "reflecting",
    "rt_useMGD": "1",
    "run_comment": "capillary discharge simulation with laser pulse",
    "shockDetect": "1",
    "sim_condWall": 195000.0,
    "sim_peakField": 2250.0,
    "sim_period": 8e-07,
    "sim_rhoFill": 8e-07,
    "sim_rhoWall": 3.987,
    "sim_teleFill": 11598.0,
    "sim_teleWall": 11598.0,
    "sim_tionFill": 11598.0,
    "sim_tionWall": 11598.0,
    "sim_tradFill": 11598.0,
    "sim_tradWall": 11598.0,
    "slopeLimiter": "minmod",
    "smallt": 1.0,
    "smallx": 1e-99,
    "tmax": 7.2e-07,
    "tstep_change_factor": 1.1,
    "useConductivity": "1",
    "useDiffuse": "1",
    "useDiffuseComputeDtSpecies": "0",
    "useDiffuseComputeDtTherm": "0",
    "useDiffuseComputeDtVisc": "0",
    "useDiffuseComputeDtmagnetic": "1",
    "useEnergyDeposition": "1",
    "useHeatexchange": "1",
    "useHydro": "1",
    "useMagneticResistivity": "1",
    "useOpacity": "1",
    "use_avisc": "1",
    "use_flattening": "0",
    "use_hybridOrder": "0",
    "use_steepening": "0",
    "use_upwindTVD": "0",
    "wr_integrals_freq": 10,
    "xl_boundary_type": "axisymmetric",
    "xmax": 0.04,
    "xmin": 0.0,
    "xr_boundary_type": "user",
    "yl_boundary_type": "outflow",
    "ymax": 0.02,
    "ymin": -0.02,
    "yr_boundary_type": "outflow",
    "zl_boundary_type": "reflect",
    "zr_boundary_type": "reflect"
}
